// Jest Snapshot v1, https://goo.gl/fbAQLP

exports[`<NewIcon /> test case renders color passed via props 1`] = `
<svg
  color="#D9D9D9"
  data-testid="newIcon"
  fill="none"
  height="32"
  viewBox="0 0 32 32"
  width="32"
  xmlns="http://www.w3.org/2000/svg"
>
  <rect
    fill="#D9D9D9"
    height="20"
    width="2"
    x="15"
    y="6"
  />
  <rect
    fill="#D9D9D9"
    height="20"
    transform="rotate(90 26 15)"
    width="2"
    x="26"
    y="15"
  />
</svg>
`;
